[{"version":"da76b855","originalPath":"tmp/options_output/folder/subfolder/img3.png","versionedPath":"tmp/options_output/folder/subfolder/img3.da76b855.png"},{"version":"8a5dc020","originalPath":"tmp/options_output/img1.png","versionedPath":"tmp/options_output/img1.8a5dc020.png"},{"version":"1dfac012","originalPath":"tmp/options_output/img2.jpg","versionedPath":"tmp/options_output/img2.1dfac012.jpg"},{"version":"6d88c930","originalPath":"tmp/options_output/folder/img2.gif","versionedPath":"tmp/options_output/folder/img2.6d88c930.gif"}]
