[{"version":"da76b855","originalPath":"folder/subfolder/img3.png","versionedPath":"folder/subfolder/img3.da76b855.png"},{"version":"8a5dc020","originalPath":"img1.png","versionedPath":"img1.8a5dc020.png"},{"version":"1dfac012","originalPath":"img2.jpg","versionedPath":"img2.1dfac012.jpg"},{"version":"6d88c930","originalPath":"folder/img2.gif","versionedPath":"folder/img2.6d88c930.gif"}]
